{"Beans": {"name": "Beans", "description": "1/2 lb. dry black beans", "quantity": 8, "price": 1.5}, "Rice": {"name": "Rice", "description": "1 lb. dry jasmine rice", "quantity": 10, "price": 1.0}, "Tomato": {"name": "Tomato", "description": "Roma tomato (each)", "quantity": 4, "price": 0.8}, "Avocado": {"name": "Avocado", "description": "Haas avocado (each)", "quantity": 2, "price": 1.0}, "Salsa": {"name": "Salsa", "description": "16 oz mild tomato salsa", "quantity": 7, "price": 2.5}, "Tuna": {"name": "Tuna", "description": "8 oz can of tuna in water", "quantity": 11, "price": 0.75}, "Pepper": {"name": "Pepper", "description": "Orange sweet bell pepper (each)", "quantity": 0, "price": 1.0}, "Watermelon": {"name": "Watermelon", "description": "Seedless watermelon (each)", "quantity": 2, "price": 5.25}}